// Vitest Snapshot v1, https://vitest.dev/guide/snapshot.html

exports[`mocked > create topic reply 1`] = `
Object {
  "content": undefined,
  "createdAt": undefined,
  "id": 2,
  "state": undefined,
  "topicID": undefined,
  "type": "group",
  "user": Object {
    "groupID": 0,
    "id": 1,
    "img": "",
    "nickname": "nickname 1",
    "regTime": 0,
    "sign": "sing 1",
    "username": "1",
  },
}
`;
