// Vitest Snapshot v1, https://vitest.dev/guide/snapshot.html

exports[`login > should failed on too many requests 1`] = `
Object {
  "code": "TOO_MANY_REQUESTS",
  "error": "Too Many Requests",
  "message": "too many failed login attempts",
  "statusCode": 429,
}
`;

exports[`login > should login 1`] = `
Object {
  "avatar": Object {
    "large": "https://lain.bgm.tv/pic/user/l/000/38/29/382951.jpg?r=1571167246",
    "medium": "https://lain.bgm.tv/pic/user/m/000/38/29/382951.jpg?r=1571167246",
    "small": "https://lain.bgm.tv/pic/user/s/000/38/29/382951.jpg?r=1571167246",
  },
  "group": 10,
  "id": 382951,
  "joinedAt": 1512262276,
  "nickname": "树洞酱",
  "sign": "treeholechan@gmail.com 密码:lovemeplease",
  "username": "382951",
}
`;
