// Vitest Snapshot v1, https://vitest.dev/guide/snapshot.html

exports[`calendar > should get calendar 1`] = `
Object {
  "2": Array [
    Object {
      "subject": Object {
        "id": 12,
        "images": Object {
          "common": "https://lain.bgm.tv/pic/cover/c/c2/0a/12_aDoa8.jpg",
          "grid": "https://lain.bgm.tv/pic/cover/g/c2/0a/12_aDoa8.jpg",
          "large": "https://lain.bgm.tv/pic/cover/l/c2/0a/12_aDoa8.jpg",
          "medium": "https://lain.bgm.tv/pic/cover/m/c2/0a/12_aDoa8.jpg",
          "small": "https://lain.bgm.tv/pic/cover/s/c2/0a/12_aDoa8.jpg",
        },
        "info": "27话 / 2002年4月2日 / 浅香守生 / CLAMP / 阿部恒",
        "locked": false,
        "name": "ちょびっツ",
        "nameCN": "人形电脑天使心",
        "nsfw": false,
        "rating": Object {
          "count": Array [
            4,
            4,
            5,
            13,
            60,
            395,
            987,
            1226,
            369,
            168,
          ],
          "rank": 731,
          "score": 7.57,
          "total": 3231,
        },
        "type": 2,
      },
      "watchers": 215,
    },
  ],
}
`;
