// Vitest Snapshot v1, https://vitest.dev/guide/snapshot.html

exports[`get index > should get index 1`] = `
Object {
  "award": 0,
  "collects": 96,
  "createdAt": 1352366596,
  "desc": "[url]http://www.tudou.com/programs/view/W6eIoxnHs6g/[/url]
有美国动画混入，所以准确的说是在日本播放的动画最高收视率（而且是关东地区的
基本大部分是70年代的，那个年代娱乐贫乏优势真大",
  "id": 15045,
  "replies": 8,
  "stats": Object {
    "2": 101,
  },
  "title": "日本动画最高收视率TOP100",
  "total": 101,
  "type": 0,
  "uid": 14127,
  "updatedAt": 1356922367,
  "user": Object {
    "avatar": Object {
      "large": "https://lain.bgm.tv/pic/user/l/icon.jpg",
      "medium": "https://lain.bgm.tv/pic/user/m/icon.jpg",
      "small": "https://lain.bgm.tv/pic/user/s/icon.jpg",
    },
    "group": 0,
    "id": 14127,
    "joinedAt": 0,
    "nickname": "nickname 14127",
    "sign": "sing 14127",
    "username": "14127",
  },
}
`;

exports[`get index > should get index related 1`] = `
Object {
  "data": Array [
    Object {
      "award": "",
      "cat": 0,
      "comment": "1位 40.3",
      "createdAt": 1352382566,
      "id": 29277,
      "order": 1,
      "rid": 15045,
      "sid": 806,
      "type": 2,
    },
    Object {
      "award": "",
      "cat": 0,
      "comment": "2位 39.9",
      "createdAt": 1352382511,
      "id": 29276,
      "order": 2,
      "rid": 15045,
      "sid": 28165,
      "type": 2,
    },
    Object {
      "award": "",
      "cat": 0,
      "comment": "3位 39.4",
      "createdAt": 1352382444,
      "id": 29275,
      "order": 3,
      "rid": 15045,
      "sid": 32585,
      "type": 2,
    },
    Object {
      "award": "",
      "cat": 0,
      "comment": "4位 36.9",
      "createdAt": 1352382378,
      "id": 29274,
      "order": 4,
      "rid": 15045,
      "sid": 47243,
      "type": 2,
    },
    Object {
      "award": "",
      "cat": 0,
      "comment": "5位 36.7",
      "createdAt": 1352382135,
      "id": 29272,
      "order": 5,
      "rid": 15045,
      "sid": 41983,
      "type": 2,
    },
    Object {
      "award": "",
      "cat": 0,
      "comment": "5位 36.7",
      "createdAt": 1352382314,
      "id": 29273,
      "order": 5,
      "rid": 15045,
      "sid": 53805,
      "type": 2,
    },
    Object {
      "award": "",
      "cat": 0,
      "comment": "7位 36",
      "createdAt": 1352382072,
      "id": 29271,
      "order": 7,
      "rid": 15045,
      "sid": 37258,
      "type": 2,
    },
    Object {
      "award": "",
      "cat": 0,
      "comment": "8位 35.6",
      "createdAt": 1352382022,
      "id": 29270,
      "order": 8,
      "rid": 15045,
      "sid": 53804,
      "type": 2,
    },
    Object {
      "award": "",
      "cat": 0,
      "comment": "9位 34.5",
      "createdAt": 1352381764,
      "id": 29266,
      "order": 9,
      "rid": 15045,
      "sid": 53739,
      "type": 2,
    },
    Object {
      "award": "",
      "cat": 0,
      "comment": "10位 33.7 （有奇怪的美国动画混进去了！",
      "createdAt": 1352381582,
      "id": 29264,
      "order": 10,
      "rid": 15045,
      "sid": 25713,
      "type": 2,
    },
    Object {
      "award": "",
      "cat": 0,
      "comment": "11位 33.6",
      "createdAt": 1352380988,
      "id": 29258,
      "order": 11,
      "rid": 15045,
      "sid": 53802,
      "type": 2,
    },
    Object {
      "award": "",
      "cat": 0,
      "comment": "12位 32.5",
      "createdAt": 1352380796,
      "id": 29257,
      "order": 12,
      "rid": 15045,
      "sid": 36359,
      "type": 2,
    },
    Object {
      "award": "",
      "cat": 0,
      "comment": "13位 31.9",
      "createdAt": 1352380648,
      "id": 29252,
      "order": 13,
      "rid": 15045,
      "sid": 53801,
      "type": 2,
    },
    Object {
      "award": "",
      "cat": 0,
      "comment": "13位 31.9",
      "createdAt": 1352380716,
      "id": 29254,
      "order": 13,
      "rid": 15045,
      "sid": 2741,
      "type": 2,
    },
    Object {
      "award": "",
      "cat": 0,
      "comment": "15位 31.8",
      "createdAt": 1352380464,
      "id": 29246,
      "order": 15,
      "rid": 15045,
      "sid": 53800,
      "type": 2,
    },
    Object {
      "award": "",
      "cat": 0,
      "comment": "16位 31.6",
      "createdAt": 1352380102,
      "id": 29245,
      "order": 16,
      "rid": 15045,
      "sid": 10404,
      "type": 2,
    },
    Object {
      "award": "",
      "cat": 0,
      "comment": "17位 31.2",
      "createdAt": 1352379920,
      "id": 29241,
      "order": 17,
      "rid": 15045,
      "sid": 37460,
      "type": 2,
    },
    Object {
      "award": "",
      "cat": 0,
      "comment": "18位 30.7",
      "createdAt": 1352379781,
      "id": 29239,
      "order": 18,
      "rid": 15045,
      "sid": 53794,
      "type": 2,
    },
    Object {
      "award": "",
      "cat": 0,
      "comment": "19位 30.4",
      "createdAt": 1352379633,
      "id": 29235,
      "order": 19,
      "rid": 15045,
      "sid": 10390,
      "type": 2,
    },
    Object {
      "award": "",
      "cat": 0,
      "comment": "20位 30.1",
      "createdAt": 1352379532,
      "id": 29234,
      "order": 20,
      "rid": 15045,
      "sid": 10374,
      "type": 2,
    },
  ],
  "total": 101,
}
`;
