// Vitest Snapshot v1, https://vitest.dev/guide/snapshot.html

exports[`graphql > should return error 1`] = `
Object {
  "code": "TOKEN_INVALID",
  "error": "Unauthorized",
  "message": "can't find access token or it has been expired",
  "statusCode": 401,
}
`;

exports[`subject > should reject nested subject relations 1`] = `
Object {
  "data": null,
  "errors": Array [
    Object {
      "message": "\`unnamedQuery query depth (6) exceeds the query depth limit of 4\`",
    },
  ],
}
`;

exports[`subject > should subject tags 1`] = `
Object {
  "tags": Array [
    Object {
      "count": 1645,
      "name": "叛逆的鲁鲁修",
    },
    Object {
      "count": 1229,
      "name": "SUNRISE",
    },
    Object {
      "count": 936,
      "name": "反逆のルルーシュ",
    },
  ],
}
`;
