// Vitest Snapshot v1, https://vitest.dev/guide/snapshot.html

exports[`should fallback to empty permission 1`] = `
Object {
  "app_erase": true,
  "doujin_subject_lock": true,
  "ep_edit": true,
  "ep_move": true,
  "manage_user": true,
  "manage_user_group": true,
  "mono_erase": true,
  "mono_merge": true,
  "report": true,
  "subject_edit": true,
  "subject_lock": true,
  "subject_refresh": true,
  "subject_related": true,
  "user_list": true,
}
`;

exports[`should fetch user 1`] = `
Object {
  "groupID": 10,
  "id": 382951,
  "img": "000/38/29/382951.jpg?r=1571167246",
  "nickname": "树洞酱",
  "regTime": 1512262276,
  "sign": "treeholechan@gmail.com 密码:lovemeplease",
  "username": "382951",
}
`;
