// Vitest Snapshot v1, https://vitest.dev/guide/snapshot.html

exports[`rest > should return null user 1`] = `
Object {
  "code": "NEED_LOGIN",
  "error": "Unauthorized",
  "message": "you need to login before getting current user",
  "statusCode": 401,
}
`;
