// Vitest Snapshot v1, https://vitest.dev/guide/snapshot.html

exports[`should get user 1`] = `
Object {
  "avatar": Object {
    "large": "https://lain.bgm.tv/pic/user/l/000/38/29/382951.jpg?r=1571167246",
    "medium": "https://lain.bgm.tv/pic/user/m/000/38/29/382951.jpg?r=1571167246",
    "small": "https://lain.bgm.tv/pic/user/s/000/38/29/382951.jpg?r=1571167246",
  },
  "id": 382951,
  "nickname": "树洞酱",
  "sign": "treeholechan@gmail.com 密码:lovemeplease",
  "user_group": 10,
  "username": "382951",
}
`;

exports[`should get user 2`] = `
Object {
  "code": "NOT_FOUND",
  "error": "Not Found",
  "message": "user not found",
  "statusCode": 404,
}
`;
